Program {
   ModuleList [ (1:13)
      main module Main { (1:13)
         ModuleList [] (null)
         StatementList [ (2:6)
            Statement { (2:6)
               @bind (2:6)
               ExpressionList [ (2:11)
                  IntLit 0 (2:11)
                  int (2:14)
               ]
            }
            Statement { (3:6)
               @bind (3:6)
               ExpressionList [ (3:11)
                  IntLit 1 (3:11)
                  string (3:14)
               ]
            }
            Statement { (4:6)
               @bind (4:6)
               ExpressionList [ (4:11)
                  IntLit 2 (4:11)
                  type (4:14)
               ]
            }
            Statement { (5:6)
               @bind (5:6)
               ExpressionList [ (5:11)
                  IntLit 3 (5:11)
                  bool (5:14)
               ]
            }
            Statement { (7:6)
               @bind (7:6)
               ExpressionList [ (7:11)
                  IntLit 4 (7:11)
                  array[ (7:14)
                     int (7:20)
                  ]
               ]
            }
            Statement { (8:6)
               @bind (8:6)
               ExpressionList [ (8:11)
                  IntLit 5 (8:11)
                  array[ (8:14)
                     string (8:20)
                  ]
               ]
            }
            Statement { (9:6)
               @bind (9:6)
               ExpressionList [ (9:11)
                  IntLit 6 (9:11)
                  array[ (9:14)
                     array[ (9:20)
                        int (9:26)
                     ]
                  ]
               ]
            }
            Statement { (11:6)
               @bind (11:6)
               ExpressionList [ (11:11)
                  IntLit 7 (11:11)
                  record( (11:14)
                  )
               ]
            }
            Statement { (12:6)
               @bind (12:6)
               ExpressionList [ (12:11)
                  IntLit 8 (12:11)
                  record( (12:14)
                     x: (12:21)
                     int (12:24)
                  )
               ]
            }
            Statement { (13:6)
               @bind (13:6)
               ExpressionList [ (13:11)
                  IntLit 9 (13:11)
                  record( (13:14)
                     x: (13:21)
                     array[ (13:24)
                        int (13:30)
                     ]
                  )
               ]
            }
            Statement { (14:6)
               @bind (14:6)
               ExpressionList [ (14:11)
                  IntLit 10 (14:11)
                  record( (14:15)
                     x: (15:9)
                     int (15:12)
                     y: (16:9)
                     record( (16:12)
                        a: (17:13)
                        string (17:16)
                        b: (18:13)
                        array[ (18:16)
                           bool (18:22)
                        ]
                     )
                  )
               ]
            }
            Statement { (22:6)
               @bind (22:6)
               ExpressionList [ (22:11)
                  IntLit 11 (22:11)
                  func (22:15)
                     record( (-1:-1)
                     )
                     VoidTypeLit
               ]
            }
            Statement { (23:6)
               @bind (23:6)
               ExpressionList [ (23:11)
                  IntLit 12 (23:11)
                  func (23:15)
                     record( (-1:-1)
                     )
                     VoidTypeLit
               ]
            }
            Statement { (24:6)
               @bind (24:6)
               ExpressionList [ (24:11)
                  IntLit 13 (24:11)
                  func (24:15)
                     string (24:20)
                     VoidTypeLit
               ]
            }
            Statement { (25:6)
               @bind (25:6)
               ExpressionList [ (25:11)
                  IntLit 14 (25:11)
                  func (25:15)
                     string (25:20)
                     VoidTypeLit
               ]
            }
            Statement { (26:6)
               @bind (26:6)
               ExpressionList [ (26:11)
                  IntLit 15 (26:11)
                  func (26:15)
                     record( (-1:-1)
                     )
                     int (26:22)
               ]
            }
            Statement { (27:6)
               @bind (27:6)
               ExpressionList [ (27:11)
                  IntLit 16 (27:11)
                  func (27:15)
                     string (27:20)
                     int (27:28)
               ]
            }
         ]
      }
   ]
}
