Program {
   ModuleList [ (1:13)
      main module Main { (1:13)
         ModuleList [] (null)
         StatementList [ (2:6)
            Statement { (2:6)
               @bind (2:6)
               ExpressionList [ (2:11)
                  IntLit 1 (2:11)
                  int (2:14)
               ]
            }
            Statement { (3:6)
               @bind (3:6)
               ExpressionList [ (3:11)
                  IntLit 2 (3:11)
                  string (3:14)
               ]
            }
            Statement { (4:6)
               @bind (4:6)
               ExpressionList [ (4:11)
                  IntLit 3 (4:11)
                  type (4:14)
               ]
            }
            Statement { (5:6)
               @bind (5:6)
               ExpressionList [ (5:11)
                  IntLit 4 (5:11)
                  bool (5:14)
               ]
            }
            Statement { (6:6)
               @bind (6:6)
               ExpressionList [ (6:11)
                  IntLit 5 (6:11)
                  array[ (6:14)
                     int (6:20)
                  ]
               ]
            }
            Statement { (7:6)
               @bind (7:6)
               ExpressionList [ (7:11)
                  IntLit 6 (7:11)
                  array[ (7:14)
                     string (7:20)
                  ]
               ]
            }
            Statement { (8:6)
               @bind (8:6)
               ExpressionList [ (8:11)
                  IntLit 7 (8:11)
                  array[ (8:14)
                     array[ (8:20)
                        int (8:26)
                     ]
                  ]
               ]
            }
         ]
      }
   ]
}
