Program {
   ModuleList [ (1:13)
      MAIN module Main { (1:13)
         Pattern: $three word pattern$ [ (3:5)
            FunctionLit (4:24)
               input:
                  record( (4:5)
                     word: (4:6)
                     int (4:12)
                  )
               output:
                  int (4:20)
               statements:
                  StatementList [ (5:9)
                     Statement { (5:9)
                        Phrase: [ (5:9)
                           @return (5:9)
                           ParsableExpressionList [ (5:17)
                              Phrase: [ (5:17)
                                 IntLit 54 (5:17)
                              ]
                           ]
                        ]
                     }
                  ]
            )
         ]
         Pattern: $a pattern with no args$ [ (8:5)
            FunctionLit (9:5)
               input:
                  record( (-1:-1)
                  )
               expression:
                  Phrase: [ (10:9)
                     IntLit 42 (10:9)
                  ]
            )
         ]
         Pattern: $another pattern with no args$ [ (13:5)
            FunctionLit (14:8)
               input:
                  record( (-1:-1)
                  )
               expression:
                  Phrase: [ (15:9)
                     StringLit hello (15:9)
                  ]
            )
         ]
         Pattern: $a + b$ [ (18:5)
            FunctionLit (19:29)
               input:
                  record( (19:5)
                     a: (19:6)
                     int (19:9)
                     b: (19:14)
                     int (19:17)
                  )
               output:
                  int (19:25)
               expression:
                  Phrase: [ (20:9)
                     @addint (20:9)
                     ParsableExpressionList [ (20:17)
                        Phrase: [ (20:17)
                           Word: a (20:17)
                        ]
                        Phrase: [ (20:20)
                           Word: b (20:20)
                        ]
                     ]
                  ]
            )
         ]
      }
   ]
}
