Program {
   ModuleList [ (1:13)
      MAIN module Main { (1:13)
         Statement { (2:5)
            Phrase: [ (2:5)
               @addint (2:5)
               ParsableExpressionList [ (2:13)
                  Phrase: [ (2:13)
                     IntLit 1 (2:13)
                  ]
                  Phrase: [ (2:16)
                     IntLit 2 (2:16)
                  ]
               ]
            ]
         }
         Statement { (3:5)
            Phrase: [ (3:5)
               @addint (3:5)
               ParsableExpressionList [ (3:13)
                  Phrase: [ (3:13)
                     IntLit 1 (3:13)
                  ]
                  Phrase: [ (3:16)
                     @addint (3:16)
                     ParsableExpressionList [ (3:24)
                        Phrase: [ (3:24)
                           IntLit 1 (3:24)
                        ]
                        Phrase: [ (3:26)
                           IntLit 2 (3:26)
                        ]
                     ]
                  ]
               ]
            ]
         }
         Statement { (4:5)
            Phrase: [ (4:5)
               @addint (4:5)
               ParsableExpressionList [ (4:13)
                  Phrase: [ (4:13)
                     @addint (4:13)
                     ParsableExpressionList [ (4:21)
                        Phrase: [ (4:21)
                           IntLit 1 (4:21)
                        ]
                        Phrase: [ (4:23)
                           IntLit 2 (4:23)
                        ]
                     ]
                  ]
                  Phrase: [ (4:27)
                     IntLit 3 (4:27)
                  ]
               ]
            ]
         }
         Statement { (5:5)
            Phrase: [ (5:5)
               @addint (5:5)
               ParsableExpressionList [ (6:9)
                  Phrase: [ (6:9)
                     @addint (6:9)
                     ParsableExpressionList [ (6:17)
                        Phrase: [ (6:17)
                           IntLit 1 (6:17)
                        ]
                        Phrase: [ (6:19)
                           IntLit 2 (6:19)
                        ]
                     ]
                  ]
                  Phrase: [ (7:9)
                     @addint (7:9)
                     ParsableExpressionList [ (7:17)
                        Phrase: [ (7:17)
                           IntLit 3 (7:17)
                        ]
                        Phrase: [ (7:19)
                           IntLit 4 (7:19)
                        ]
                     ]
                  ]
               ]
            ]
         }
         Statement { (10:5)
            Phrase: [ (10:5)
               @not (10:5)
               ParsableExpressionList [ (10:10)
                  Phrase: [ (10:10)
                     BoolLit false (10:10)
                  ]
               ]
            ]
         }
         Statement { (11:5)
            Phrase: [ (11:5)
               @not (11:5)
               ParsableExpressionList [ (11:10)
                  Phrase: [ (11:10)
                     BoolLit true (11:10)
                  ]
               ]
            ]
         }
         Statement { (13:5)
            Phrase: [ (13:5)
               @addint (13:5)
               ParsableExpressionList [ (13:13)
                  Phrase: [ (13:13)
                     RecordLit ( (13:13)
                     )
                  ]
               ]
            ]
         }
         Statement { (15:5)
            Phrase: [ (15:5)
               Decl @decl (15:5)
               name: Eventual.unfulfilled
               ParsableExpressionList [ (15:11)
                  Phrase: [ (15:11)
                     Word: thing (15:11)
                  ]
                  Phrase: [ (15:18)
                     int (15:18)
                  ]
               ]
            ]
         }
      }
   ]
}
